[backblue.gif]
[fade.gif]
[index.html]
[www.seatcovershop.eu/html/js/i18n/en.js]
[www.seatcovershop.eu/html/js/bundle.js]
[www.seatcovershop.eu/html/bootstrap-select/bootstrap-select.min.js]
[www.seatcovershop.eu/html/bootstrap-select/i18n/defaults-en_EN.min.js]
[connect.facebook.net/en_US/fbevents.js]
[connect.facebook.net/en_US/sdk.js]
[www.seatcovershop.eu/html/images/logo.png]
[www.seatcovershop.eu/html/media/flags/EU.png]
[www.seatcovershop.eu/html/media/flags/RO.png]
[www.seatcovershop.eu/html/media/flags/HU.png]
[www.seatcovershop.eu/html/media/flags/IT.png]
[www.seatcovershop.eu/html/media/flags/UK.png]
[www.seatcovershop.eu/html/js/custom_scrollbar/jquery.mCustomScrollbar.concat.min.js]
[www.seatcovershop.eu/html/images/configurator/load_pattern.png]
[www.seatcovershop.eu/html/images/configurator/huse_bg_black5e1f.jpg]
[www.seatcovershop.eu/html/media/colors/Original_Images/t867361.jpg]
[www.seatcovershop.eu/html/media/colors/Original_Images/a19_6615b.jpg]
[www.seatcovershop.eu/html/media/colors/Original_Images/e477_1cc1e.jpg]
[www.seatcovershop.eu/html/media/colors/Original_Images/k420261e.jpg]
[www.seatcovershop.eu/html/media/colors/Original_Images/k4383a1e.jpg]
[www.seatcovershop.eu/html/media/colors/Original_Images/a082898.jpg]
[www.seatcovershop.eu/html/media/colors/Original_Images/621.png]
[www.seatcovershop.eu/html/media/colors/Original_Images/104_32458.jpg]
[www.seatcovershop.eu/html/media/colors/Original_Images/666_16cf4.jpg]
[www.seatcovershop.eu/html/media/colors/Original_Images/d1583fe.jpg]
[www.seatcovershop.eu/html/media/colors/Original_Images/808.jpg]
[www.seatcovershop.eu/html/media/colors/Original_Images/mk377ec.jpg]
[www.seatcovershop.eu/html/media/colors/Original_Images/108.jpg]
[www.seatcovershop.eu/html/media/colors/Original_Images/2709.png]
[www.seatcovershop.eu/html/media/colors/Original_Images/2705.png]
[www.seatcovershop.eu/html/media/colors/Original_Images/2706.png]
[www.seatcovershop.eu/html/media/colors/Original_Images/2704.png]
[www.seatcovershop.eu/html/media/colors/Original_Images/27017080.jpg]
[www.seatcovershop.eu/html/media/colors/Original_Images/2703.png]
[www.seatcovershop.eu/html/media/colors/Original_Images/593.png]
[www.seatcovershop.eu/html/media/colors/Original_Images/2721.png]
[www.seatcovershop.eu/html/media/colors/Original_Images/sa.png]
[www.seatcovershop.eu/html/media/colors/Original_Images/2724.png]
[www.seatcovershop.eu/html/media/colors/Original_Images/2726.png]
[www.seatcovershop.eu/html/media/colors/Original_Images/sg.png]
[www.seatcovershop.eu/html/media/colors/Original_Images/sn.png]
[www.seatcovershop.eu/html/media/colors/Original_Images/2727.png]
[www.seatcovershop.eu/html/media/colors/Original_Images/2722.png]
[www.seatcovershop.eu/html/media/colors/Original_Images/106_3be90.jpg]
[www.seatcovershop.eu/html/media/colors/Original_Images/canbera_46012.jpg]
[www.seatcovershop.eu/html/media/colors/Original_Images/t12.png]
[www.seatcovershop.eu/html/media/colors/Original_Images/2749.png]
[www.seatcovershop.eu/html/media/colors/Original_Images/2742.png]
[www.seatcovershop.eu/html/media/colors/Original_Images/2746.png]
[www.seatcovershop.eu/html/media/colors/Original_Images/2743.png]
[www.seatcovershop.eu/html/media/colors/Original_Images/2742d.png]
[www.seatcovershop.eu/html/media/colors/Original_Images/2740.png]
[www.seatcovershop.eu/html/media/colors/Original_Images/2744.png]
[www.seatcovershop.eu/html/media/colors/Original_Images/2750_19198.jpg]
[www.seatcovershop.eu/html/media/colors/masks/cusaturi/preview/anthracite.png]
[www.seatcovershop.eu/html/media/colors/masks/cusaturi/preview/beige.png]
[www.seatcovershop.eu/html/media/colors/masks/cusaturi/preview/blue.png]
[www.seatcovershop.eu/html/media/colors/masks/cusaturi/preview/orange.png]
[www.seatcovershop.eu/html/media/colors/masks/cusaturi/preview/red.png]
[www.seatcovershop.eu/html/media/colors/masks/cusaturi/preview/silver.png]
[www.seatcovershop.eu/html/media/colors/masks/cusaturi/preview/no-stitch23b7.jpg]
[www.seatcovershop.eu/html/images/buzunare.jpg]
[www.seatcovershop.eu/html/images/logo.jpg]
[www.seatcovershop.eu/car-seat-covers-configurator/suzuki-jimny-jb43-3.html]
[www.huse.ro/html/js/i18n/ro.js]
[www.huse.ro/html/js/bundle.js]
[www.huse.ro/html/bootstrap-select/bootstrap-select.min.js]
[www.huse.ro/html/bootstrap-select/i18n/defaults-ro_RO.min.js]
[www.huse.ro/html/images/logo.png]
[www.huse.ro/html/media/flags/RO.png]
[www.huse.ro/html/media/flags/HU.png]
[www.huse.ro/html/media/flags/IT.png]
[www.huse.ro/html/media/flags/UK.png]
[www.huse.ro/html/media/flags/EU.png]
[www.huse.ro/html/js/custom_scrollbar/jquery.mCustomScrollbar.concat.min.js]
[www.huse.ro/html/images/configurator/load_pattern.png]
[www.huse.ro/html/images/configurator/huse_bg_black5e1f.jpg]
[www.huse.ro/html/media/colors/Original_Images/t867361.jpg]
[www.huse.ro/html/media/colors/Original_Images/a19_6615b.jpg]
[www.huse.ro/html/media/colors/Original_Images/e477_1cc1e.jpg]
[www.huse.ro/html/media/colors/Original_Images/k420261e.jpg]
[www.huse.ro/html/media/colors/Original_Images/k4383a1e.jpg]
[www.huse.ro/html/media/colors/Original_Images/a082898.jpg]
[www.huse.ro/html/media/colors/Original_Images/621.png]
[www.huse.ro/html/media/colors/Original_Images/104_32458.jpg]
[www.huse.ro/html/media/colors/Original_Images/666_16cf4.jpg]
[www.huse.ro/html/media/colors/Original_Images/d1583fe.jpg]
[www.huse.ro/html/media/colors/Original_Images/808.jpg]
[www.huse.ro/html/media/colors/Original_Images/mk377ec.jpg]
[www.huse.ro/html/media/colors/Original_Images/108.jpg]
[www.huse.ro/html/media/colors/Original_Images/2709.png]
[www.huse.ro/html/media/colors/Original_Images/2705.png]
[www.huse.ro/html/media/colors/Original_Images/2706.png]
[www.huse.ro/html/media/colors/Original_Images/2704.png]
[www.huse.ro/html/media/colors/Original_Images/27017080.jpg]
[www.huse.ro/html/media/colors/Original_Images/2703.png]
[www.huse.ro/html/media/colors/Original_Images/593.png]
[www.huse.ro/html/media/colors/Original_Images/2721.png]
[www.huse.ro/html/media/colors/Original_Images/sa.png]
[www.huse.ro/html/media/colors/Original_Images/2724.png]
[www.huse.ro/html/media/colors/Original_Images/2726.png]
[www.huse.ro/html/media/colors/Original_Images/sg.png]
[www.huse.ro/html/media/colors/Original_Images/sn.png]
[www.huse.ro/html/media/colors/Original_Images/2727.png]
[www.huse.ro/html/media/colors/Original_Images/2722.png]
[www.huse.ro/html/media/colors/Original_Images/106_3be90.jpg]
[www.huse.ro/html/media/colors/Original_Images/canbera_46012.jpg]
[www.huse.ro/html/media/colors/Original_Images/t12.png]
[www.huse.ro/html/media/colors/Original_Images/2749.png]
[www.huse.ro/html/media/colors/Original_Images/2742.png]
[www.huse.ro/html/media/colors/Original_Images/2746.png]
[www.huse.ro/html/media/colors/Original_Images/2743.png]
[www.huse.ro/html/media/colors/Original_Images/2742d.png]
[www.huse.ro/html/media/colors/Original_Images/2740.png]
[www.huse.ro/html/media/colors/Original_Images/2744.png]
[www.huse.ro/html/media/colors/Original_Images/2750_19198.jpg]
[www.huse.ro/html/media/colors/masks/cusaturi/preview/anthracite.png]
[www.huse.ro/html/media/colors/masks/cusaturi/preview/beige.png]
[www.huse.ro/html/media/colors/masks/cusaturi/preview/blue.png]
[www.huse.ro/html/media/colors/masks/cusaturi/preview/orange.png]
[www.huse.ro/html/media/colors/masks/cusaturi/preview/red.png]
[www.huse.ro/html/media/colors/masks/cusaturi/preview/silver.png]
[www.huse.ro/html/media/colors/masks/cusaturi/preview/no-stitch23b7.jpg]
[www.huse.ro/html/images/buzunare.jpg]
[www.huse.ro/html/images/logo.jpg]
[www.huse.ro/configurator-huse-auto/suzuki-jimny-jb43-3.html]
[www.google-analytics.com/analytics.js]
[www.huzatok.hu/html/js/i18n/hu.js]
[www.huzatok.hu/html/js/bundle.js]
[www.huzatok.hu/html/bootstrap-select/bootstrap-select.min.js]
[www.huzatok.hu/html/bootstrap-select/i18n/defaults-hu_HU.min.js]
[www.huzatok.hu/html/images/logo.png]
[www.huzatok.hu/html/media/flags/HU.png]
[www.huzatok.hu/html/media/flags/RO.png]
[www.huzatok.hu/html/media/flags/IT.png]
[www.huzatok.hu/html/media/flags/UK.png]
[www.huzatok.hu/html/media/flags/EU.png]
[www.huzatok.hu/html/js/custom_scrollbar/jquery.mCustomScrollbar.concat.min.js]
[www.huzatok.hu/html/images/configurator/load_pattern.png]
[www.huzatok.hu/html/images/configurator/huse_bg_black5e1f.jpg]
[www.huzatok.hu/html/media/colors/Original_Images/t867361.jpg]
[www.huzatok.hu/html/media/colors/Original_Images/a19_6615b.jpg]
[www.huzatok.hu/html/media/colors/Original_Images/e477_1cc1e.jpg]
[www.huzatok.hu/html/media/colors/Original_Images/k420261e.jpg]
[www.huzatok.hu/html/media/colors/Original_Images/k4383a1e.jpg]
[www.huzatok.hu/html/media/colors/Original_Images/a082898.jpg]
[www.huzatok.hu/html/media/colors/Original_Images/621.png]
[www.huzatok.hu/html/media/colors/Original_Images/104_32458.jpg]
[www.huzatok.hu/html/media/colors/Original_Images/666_16cf4.jpg]
[www.huzatok.hu/html/media/colors/Original_Images/d1583fe.jpg]
[www.huzatok.hu/html/media/colors/Original_Images/808.jpg]
[www.huzatok.hu/html/media/colors/Original_Images/mk377ec.jpg]
[www.huzatok.hu/html/media/colors/Original_Images/108.jpg]
[www.huzatok.hu/html/media/colors/Original_Images/2709.png]
[www.huzatok.hu/html/media/colors/Original_Images/2705.png]
[www.huzatok.hu/html/media/colors/Original_Images/2706.png]
[www.huzatok.hu/html/media/colors/Original_Images/2704.png]
[www.huzatok.hu/html/media/colors/Original_Images/27017080.jpg]
[www.huzatok.hu/html/media/colors/Original_Images/2703.png]
[www.huzatok.hu/html/media/colors/Original_Images/593.png]
[www.huzatok.hu/html/media/colors/Original_Images/2721.png]
[www.huzatok.hu/html/media/colors/Original_Images/sa.png]
[www.huzatok.hu/html/media/colors/Original_Images/2724.png]
[www.huzatok.hu/html/media/colors/Original_Images/2726.png]
[www.huzatok.hu/html/media/colors/Original_Images/sg.png]
[www.huzatok.hu/html/media/colors/Original_Images/sn.png]
[www.huzatok.hu/html/media/colors/Original_Images/2727.png]
[www.huzatok.hu/html/media/colors/Original_Images/2722.png]
[www.huzatok.hu/html/media/colors/Original_Images/106_3be90.jpg]
[www.huzatok.hu/html/media/colors/Original_Images/canbera_46012.jpg]
[www.huzatok.hu/html/media/colors/Original_Images/t12.png]
[www.huzatok.hu/html/media/colors/Original_Images/2749.png]
[www.huzatok.hu/html/media/colors/Original_Images/2742.png]
[www.huzatok.hu/html/media/colors/Original_Images/2746.png]
[www.huzatok.hu/html/media/colors/Original_Images/2743.png]
[www.huzatok.hu/html/media/colors/Original_Images/2742d.png]
[www.huzatok.hu/html/media/colors/Original_Images/2740.png]
[www.huzatok.hu/html/media/colors/Original_Images/2744.png]
[www.huzatok.hu/html/media/colors/Original_Images/2750_19198.jpg]
[www.huzatok.hu/html/media/colors/masks/cusaturi/preview/anthracite.png]
[www.huzatok.hu/html/media/colors/masks/cusaturi/preview/beige.png]
[www.huzatok.hu/html/media/colors/masks/cusaturi/preview/blue.png]
[www.huzatok.hu/html/media/colors/masks/cusaturi/preview/orange.png]
[www.huzatok.hu/html/media/colors/masks/cusaturi/preview/red.png]
[www.huzatok.hu/html/media/colors/masks/cusaturi/preview/silver.png]
[www.huzatok.hu/html/media/colors/masks/cusaturi/preview/no-stitch23b7.jpg]
[www.huzatok.hu/html/images/buzunare.jpg]
[www.huzatok.hu/html/images/logo.jpg]
[www.huzatok.hu/beallitoprogram/suzuki-jimny-jb43-3.html]
[www.coprisedili-auto.it/html/js/i18n/it.js]
[www.coprisedili-auto.it/html/js/bundle.js]
[www.coprisedili-auto.it/html/bootstrap-select/bootstrap-select.min.js]
[www.coprisedili-auto.it/html/bootstrap-select/i18n/defaults-it_IT.min.js]
[www.coprisedili-auto.it/html/images/logo.png]
[www.coprisedili-auto.it/html/media/flags/IT.png]
[www.coprisedili-auto.it/html/media/flags/RO.png]
[www.coprisedili-auto.it/html/media/flags/HU.png]
[www.coprisedili-auto.it/html/media/flags/UK.png]
[www.coprisedili-auto.it/html/media/flags/EU.png]
[www.coprisedili-auto.it/html/js/custom_scrollbar/jquery.mCustomScrollbar.concat.min.js]
[www.coprisedili-auto.it/html/images/configurator/load_pattern.png]
[www.coprisedili-auto.it/html/images/configurator/huse_bg_black5e1f.jpg]
[www.coprisedili-auto.it/html/media/colors/Original_Images/t867361.jpg]
[www.coprisedili-auto.it/html/media/colors/Original_Images/a19_6615b.jpg]
[www.coprisedili-auto.it/html/media/colors/Original_Images/e477_1cc1e.jpg]
[www.coprisedili-auto.it/html/media/colors/Original_Images/k420261e.jpg]
[www.coprisedili-auto.it/html/media/colors/Original_Images/k4383a1e.jpg]
[www.coprisedili-auto.it/html/media/colors/Original_Images/a082898.jpg]
[www.coprisedili-auto.it/html/media/colors/Original_Images/621.png]
[www.coprisedili-auto.it/html/media/colors/Original_Images/104_32458.jpg]
[www.coprisedili-auto.it/html/media/colors/Original_Images/666_16cf4.jpg]
[www.coprisedili-auto.it/html/media/colors/Original_Images/d1583fe.jpg]
[www.coprisedili-auto.it/html/media/colors/Original_Images/808.jpg]
[www.coprisedili-auto.it/html/media/colors/Original_Images/mk377ec.jpg]
[www.coprisedili-auto.it/html/media/colors/Original_Images/108.jpg]
[www.coprisedili-auto.it/html/media/colors/Original_Images/2709.png]
[www.coprisedili-auto.it/html/media/colors/Original_Images/2705.png]
[www.coprisedili-auto.it/html/media/colors/Original_Images/2706.png]
[www.coprisedili-auto.it/html/media/colors/Original_Images/2704.png]
[www.coprisedili-auto.it/html/media/colors/Original_Images/27017080.jpg]
[www.coprisedili-auto.it/html/media/colors/Original_Images/2703.png]
[www.coprisedili-auto.it/html/media/colors/Original_Images/593.png]
[www.coprisedili-auto.it/html/media/colors/Original_Images/2721.png]
[www.coprisedili-auto.it/html/media/colors/Original_Images/sa.png]
[www.coprisedili-auto.it/html/media/colors/Original_Images/2724.png]
[www.coprisedili-auto.it/html/media/colors/Original_Images/2726.png]
[www.coprisedili-auto.it/html/media/colors/Original_Images/sg.png]
[www.coprisedili-auto.it/html/media/colors/Original_Images/sn.png]
[www.coprisedili-auto.it/html/media/colors/Original_Images/2727.png]
[www.coprisedili-auto.it/html/media/colors/Original_Images/2722.png]
[www.coprisedili-auto.it/html/media/colors/Original_Images/106_3be90.jpg]
[www.coprisedili-auto.it/html/media/colors/Original_Images/canbera_46012.jpg]
[www.coprisedili-auto.it/html/media/colors/Original_Images/t12.png]
[www.coprisedili-auto.it/html/media/colors/Original_Images/2749.png]
[www.coprisedili-auto.it/html/media/colors/Original_Images/2742.png]
[www.coprisedili-auto.it/html/media/colors/Original_Images/2746.png]
[www.coprisedili-auto.it/html/media/colors/Original_Images/2743.png]
[www.coprisedili-auto.it/html/media/colors/Original_Images/2742d.png]
[www.coprisedili-auto.it/html/media/colors/Original_Images/2740.png]
[www.coprisedili-auto.it/html/media/colors/Original_Images/2744.png]
[www.coprisedili-auto.it/html/media/colors/Original_Images/2750_19198.jpg]
[www.coprisedili-auto.it/html/media/colors/masks/cusaturi/preview/anthracite.png]
[www.coprisedili-auto.it/html/media/colors/masks/cusaturi/preview/beige.png]
[www.coprisedili-auto.it/html/media/colors/masks/cusaturi/preview/blue.png]
[www.coprisedili-auto.it/html/media/colors/masks/cusaturi/preview/orange.png]
[www.coprisedili-auto.it/html/media/colors/masks/cusaturi/preview/red.png]
[www.coprisedili-auto.it/html/media/colors/masks/cusaturi/preview/silver.png]
[www.coprisedili-auto.it/html/media/colors/masks/cusaturi/preview/no-stitch23b7.jpg]
[www.coprisedili-auto.it/html/images/buzunare.jpg]
[www.coprisedili-auto.it/html/images/logo.jpg]
[www.coprisedili-auto.it/configuratore/suzuki-jimny-jb43-3.html]
[www.seatcovershop.co.uk/html/js/i18n/en.js]
[www.seatcovershop.co.uk/html/js/bundle.js]
[www.seatcovershop.co.uk/html/bootstrap-select/bootstrap-select.min.js]
[www.seatcovershop.co.uk/html/bootstrap-select/i18n/defaults-en_EN.min.js]
[www.seatcovershop.co.uk/html/images/logo.png]
[www.seatcovershop.co.uk/html/media/flags/UK.png]
[www.seatcovershop.co.uk/html/media/flags/RO.png]
[www.seatcovershop.co.uk/html/media/flags/HU.png]
[www.seatcovershop.co.uk/html/media/flags/IT.png]
[www.seatcovershop.co.uk/html/media/flags/EU.png]
[www.seatcovershop.co.uk/html/js/custom_scrollbar/jquery.mCustomScrollbar.concat.min.js]
[www.seatcovershop.co.uk/html/images/configurator/load_pattern.png]
[www.seatcovershop.co.uk/html/images/configurator/right_huse_bg_black5e1f.jpg]
[www.seatcovershop.co.uk/html/media/colors/Original_Images/t867361.jpg]
[www.seatcovershop.co.uk/html/media/colors/Original_Images/a19_6615b.jpg]
[www.seatcovershop.co.uk/html/media/colors/Original_Images/e477_1cc1e.jpg]
[www.seatcovershop.co.uk/html/media/colors/Original_Images/k420261e.jpg]
[www.seatcovershop.co.uk/html/media/colors/Original_Images/k4383a1e.jpg]
[www.seatcovershop.co.uk/html/media/colors/Original_Images/a082898.jpg]
[www.seatcovershop.co.uk/html/media/colors/Original_Images/621.png]
[www.seatcovershop.co.uk/html/media/colors/Original_Images/104_32458.jpg]
[www.seatcovershop.co.uk/html/media/colors/Original_Images/666_16cf4.jpg]
[www.seatcovershop.co.uk/html/media/colors/Original_Images/d1583fe.jpg]
[www.seatcovershop.co.uk/html/media/colors/Original_Images/808.jpg]
[www.seatcovershop.co.uk/html/media/colors/Original_Images/mk377ec.jpg]
[www.seatcovershop.co.uk/html/media/colors/Original_Images/108.jpg]
[www.seatcovershop.co.uk/html/media/colors/Original_Images/2709.png]
[www.seatcovershop.co.uk/html/media/colors/Original_Images/2705.png]
[www.seatcovershop.co.uk/html/media/colors/Original_Images/2706.png]
[www.seatcovershop.co.uk/html/media/colors/Original_Images/2704.png]
[www.seatcovershop.co.uk/html/media/colors/Original_Images/27017080.jpg]
[www.seatcovershop.co.uk/html/media/colors/Original_Images/2703.png]
[www.seatcovershop.co.uk/html/media/colors/Original_Images/593.png]
[www.seatcovershop.co.uk/html/media/colors/Original_Images/2721.png]
[www.seatcovershop.co.uk/html/media/colors/Original_Images/sa.png]
[www.seatcovershop.co.uk/html/media/colors/Original_Images/2724.png]
[www.seatcovershop.co.uk/html/media/colors/Original_Images/2726.png]
[www.seatcovershop.co.uk/html/media/colors/Original_Images/sg.png]
[www.seatcovershop.co.uk/html/media/colors/Original_Images/sn.png]
[www.seatcovershop.co.uk/html/media/colors/Original_Images/2727.png]
[www.seatcovershop.co.uk/html/media/colors/Original_Images/2722.png]
[www.seatcovershop.co.uk/html/media/colors/Original_Images/106_3be90.jpg]
[www.seatcovershop.co.uk/html/media/colors/Original_Images/canbera_46012.jpg]
[www.seatcovershop.co.uk/html/media/colors/Original_Images/t12.png]
[www.seatcovershop.co.uk/html/media/colors/Original_Images/2749.png]
[www.seatcovershop.co.uk/html/media/colors/Original_Images/2742.png]
[www.seatcovershop.co.uk/html/media/colors/Original_Images/2746.png]
[www.seatcovershop.co.uk/html/media/colors/Original_Images/2743.png]
[www.seatcovershop.co.uk/html/media/colors/Original_Images/2742d.png]
[www.seatcovershop.co.uk/html/media/colors/Original_Images/2740.png]
[www.seatcovershop.co.uk/html/media/colors/Original_Images/2744.png]
[www.seatcovershop.co.uk/html/media/colors/Original_Images/2750_19198.jpg]
[www.seatcovershop.co.uk/html/media/colors/masks/cusaturi/preview/anthracite.png]
[www.seatcovershop.co.uk/html/media/colors/masks/cusaturi/preview/beige.png]
[www.seatcovershop.co.uk/html/media/colors/masks/cusaturi/preview/blue.png]
[www.seatcovershop.co.uk/html/media/colors/masks/cusaturi/preview/orange.png]
[www.seatcovershop.co.uk/html/media/colors/masks/cusaturi/preview/red.png]
[www.seatcovershop.co.uk/html/media/colors/masks/cusaturi/preview/silver.png]
[www.seatcovershop.co.uk/html/media/colors/masks/cusaturi/preview/no-stitch23b7.jpg]
[www.seatcovershop.co.uk/html/images/buzunare.jpg]
[www.seatcovershop.co.uk/html/images/logo.jpg]
[www.seatcovershop.co.uk/car-seat-covers-configurator/suzuki-jimny-jb43-3.html]
[www.facebook.com/trfd6c]
[www.seatcovershop.eu/html/images/header.jpg]
[www.seatcovershop.eu/js/swipebox/img/loader.gif]
[www.seatcovershop.eu/js/swipebox/img/icons.png]
[www.seatcovershop.eu/html/css/bundle.css]
[www.seatcovershop.eu/html/bootstrap-select/bootstrap-select.min.css]
[connect.facebook.net/en_US/fbevents.js]
[connect.facebook.net/en_US/sdk.js]
[www.seatcovershop.eu/html/js/custom_scrollbar/mCSB_buttons.png]
[www.seatcovershop.eu/html/js/custom_scrollbar/jquery.mCustomScrollbar.css]
[www.seatcovershop.eu/html/media/colors/Original_Images/2702-b_8d901.html]
[www.huse.ro/html/images/header.jpg]
[www.huse.ro/js/swipebox/img/loader.gif]
[www.huse.ro/js/swipebox/img/icons.png]
[www.huse.ro/html/css/bundle.css]
[www.huse.ro/html/bootstrap-select/bootstrap-select.min.css]
[www.huse.ro/html/js/custom_scrollbar/mCSB_buttons.png]
[www.huse.ro/html/js/custom_scrollbar/jquery.mCustomScrollbar.css]
[www.huse.ro/html/media/colors/Original_Images/2702-b_8d901.html]
[www.huzatok.hu/html/images/header.jpg]
[www.huzatok.hu/js/swipebox/img/loader.gif]
[www.huzatok.hu/js/swipebox/img/icons.png]
[www.huzatok.hu/html/css/bundle.css]
[www.huzatok.hu/html/bootstrap-select/bootstrap-select.min.css]
[www.huzatok.hu/html/js/custom_scrollbar/mCSB_buttons.png]
[www.huzatok.hu/html/js/custom_scrollbar/jquery.mCustomScrollbar.css]
[www.huzatok.hu/html/media/colors/Original_Images/2702-b_8d901.html]
[www.coprisedili-auto.it/html/images/header.jpg]
[www.coprisedili-auto.it/js/swipebox/img/loader.gif]
[www.coprisedili-auto.it/html/css/bundle.css]
[www.coprisedili-auto.it/js/swipebox/img/icons.png]
[www.coprisedili-auto.it/html/bootstrap-select/bootstrap-select.min.css]
[www.coprisedili-auto.it/html/js/custom_scrollbar/mCSB_buttons.png]
[www.coprisedili-auto.it/html/js/custom_scrollbar/jquery.mCustomScrollbar.css]
[www.coprisedili-auto.it/html/media/colors/Original_Images/2702-b_8d901.html]
[www.seatcovershop.co.uk/html/images/header.jpg]
[www.seatcovershop.co.uk/js/swipebox/img/loader.gif]
[www.seatcovershop.co.uk/js/swipebox/img/icons.png]
[www.seatcovershop.co.uk/html/css/bundle.css]
[www.seatcovershop.co.uk/html/bootstrap-select/bootstrap-select.min.css]
[www.seatcovershop.co.uk/html/js/custom_scrollbar/mCSB_buttons.png]
[www.seatcovershop.co.uk/html/js/custom_scrollbar/jquery.mCustomScrollbar.css]
[www.seatcovershop.co.uk/html/media/colors/Original_Images/2702-b_8d901.html]
[www.seatcovershop.eu/html/fonts/glyphicons-halflings-regular.svg]
[www.seatcovershop.eu/html/fonts/fontawesome-webfont93e3.svg]
[www.seatcovershop.eu/car-seat-covers-configurator/c.html]
[www.seatcovershop.eu/car-seat-covers-configurator/b.html]
[www.seatcovershop.eu/car-seat-covers-configurator/POST.html]
[www.huse.ro/html/fonts/glyphicons-halflings-regular.svg]
[www.huse.ro/html/fonts/fontawesome-webfont93e3.svg]
[www.huzatok.hu/html/fonts/glyphicons-halflings-regular.svg]
[www.huzatok.hu/html/fonts/fontawesome-webfont93e3.svg]
[www.coprisedili-auto.it/html/fonts/glyphicons-halflings-regular.svg]
[www.coprisedili-auto.it/html/fonts/fontawesome-webfont93e3.svg]
[www.seatcovershop.co.uk/html/fonts/glyphicons-halflings-regular.svg]
[www.seatcovershop.co.uk/html/fonts/fontawesome-webfont93e3.svg]
